../Core/Src/main.c:71:5:main	8	static
../Core/Src/main.c:99:6:SystemClock_Config	88	static
../Core/Src/main.c:143:13:MX_TIM4_Init	64	static
../Core/Src/main.c:206:13:MX_GPIO_Init	40	static
../Core/Src/main.c:229:6:inicio	16	static
../Core/Src/main.c:251:6:CambiarModo	8	static
../Core/Src/main.c:257:6:CambiarLed	8	static
../Core/Src/main.c:263:6:Breathing	16	static
../Core/Src/main.c:337:6:CambiarBlink	8	static
../Core/Src/main.c:347:6:Blink	16	static
../Core/Src/main.c:386:6:transicionRA	16	static
../Core/Src/main.c:405:6:transicionAV	16	static
../Core/Src/main.c:426:6:transicionVR	16	static
../Core/Src/main.c:446:6:VerificarSW1	16	static
../Core/Src/main.c:465:6:VerificarSW2	16	static
../Core/Src/main.c:484:6:VerificarSW3	16	static
../Core/Src/main.c:509:6:Error_Handler	4	static,ignoring_inline_asm
