../Core/Src/main.c:83:5:main	8	static
../Core/Src/main.c:115:6:SystemClock_Config	88	static
../Core/Src/main.c:159:13:MX_TIM4_Init	64	static
../Core/Src/main.c:222:13:MX_GPIO_Init	40	static
../Core/Src/main.c:245:6:inicio	16	static
../Core/Src/main.c:267:6:CambiarModo	8	static
../Core/Src/main.c:273:6:CambiarLed	8	static
../Core/Src/main.c:279:6:Breathing	16	static
../Core/Src/main.c:353:6:CambiarBlink	8	static
../Core/Src/main.c:363:6:Blink	16	static
../Core/Src/main.c:402:6:transicionRA	16	static
../Core/Src/main.c:421:6:transicionAV	16	static
../Core/Src/main.c:442:6:transicionVR	16	static
../Core/Src/main.c:462:6:VerificarSW1	16	static
../Core/Src/main.c:481:6:VerificarSW2	16	static
../Core/Src/main.c:500:6:VerificarSW3	16	static
../Core/Src/main.c:525:6:Error_Handler	4	static,ignoring_inline_asm
