10:20:54 **** Incremental Build of configuration Debug for project PWMPerse ****
make -j4 all 
arm-none-eabi-gcc "../Core/Src/main.c" -mcpu=cortex-m4 -std=gnu11 -g3 -DDEBUG -DUSE_HAL_DRIVER -DSTM32F407xx -c -I../Core/Inc -I../Drivers/STM32F4xx_HAL_Driver/Inc -I../Drivers/STM32F4xx_HAL_Driver/Inc/Legacy -I../Drivers/CMSIS/Device/ST/STM32F4xx/Include -I../Drivers/CMSIS/Include -O0 -ffunction-sections -fdata-sections -Wall -fstack-usage -fcyclomatic-complexity -MMD -MP -MF"Core/Src/main.d" -MT"Core/Src/main.o" --specs=nano.specs -mfpu=fpv4-sp-d16 -mfloat-abi=hard -mthumb -o "Core/Src/main.o"
arm-none-eabi-gcc -o "PWMPerse.elf" @"objects.list"   -mcpu=cortex-m4 -T"C:\Users\Administrador\Desktop\Proyectos Discovery\PWMPerse\STM32F407VGTX_FLASH.ld" --specs=nosys.specs -Wl,-Map="PWMPerse.map" -Wl,--gc-sections -static --specs=nano.specs -mfpu=fpv4-sp-d16 -mfloat-abi=hard -mthumb -Wl,--start-group -lc -lm -Wl,--end-group
Finished building target: PWMPerse.elf
 
arm-none-eabi-size  PWMPerse.elf 
arm-none-eabi-objdump -h -S PWMPerse.elf  > "PWMPerse.list"
   text	   data	    bss	    dec	    hex	filename
  11288	     16	   1648	  12952	   3298	PWMPerse.elf
Finished building: default.size.stdout
 
Finished building: PWMPerse.list
 
10:21:29 **** Incremental Build of configuration Debug for project PWMPerse ****
make -j4 all 
arm-none-eabi-size  PWMPerse.elf 
   text	   data	    bss	    dec	    hex	filename
  11288	     16	   1648	  12952	   3298	PWMPerse.elf
Finished building: default.size.stdout
 
